// Jest Snapshot v1, https://goo.gl/fbAQLP

exports[`It renders correctly 1`] = `
<div
  className="container"
>
  <h1>
    Todo List
  </h1>
  <TodoList
    deleteEntry={[Function]}
    todos={
      Array [
        "get food",
        "drink water",
      ]
    }
  />
  <TodoForm
    createEntry={[Function]}
  />
</div>
`;
